[2026-05-07 11:36:39,995] ERROR [django.request:241] Internal Server Error: /home/
Traceback (most recent call last):
  File "/Users/mac/Desktop/own/lufyy_api/.venv/lib/python3.12/site-packages/django/core/handlers/exception.py", line 55, in inner
    response = get_response(request)
               ^^^^^^^^^^^^^^^^^^^^^
  File "/Users/mac/Desktop/own/lufyy_api/.venv/lib/python3.12/site-packages/django/core/handlers/base.py", line 197, in _get_response
    response = wrapped_callback(request, *callback_args, **callback_kwargs)
               ^^^^^^^^^^^^^^^^^^^^^^^^^^^^^^^^^^^^^^^^^^^^^^^^^^^^^^^^^^^^
  File "/Users/mac/Desktop/own/lufyy_api/.venv/lib/python3.12/site-packages/django/views/decorators/csrf.py", line 56, in wrapper_view
    return view_func(*args, **kwargs)
           ^^^^^^^^^^^^^^^^^^^^^^^^^^
  File "/Users/mac/Desktop/own/lufyy_api/.venv/lib/python3.12/site-packages/django/views/generic/base.py", line 104, in view
    return self.dispatch(request, *args, **kwargs)
           ^^^^^^^^^^^^^^^^^^^^^^^^^^^^^^^^^^^^^^^
  File "/Users/mac/Desktop/own/lufyy_api/.venv/lib/python3.12/site-packages/rest_framework/views.py", line 515, in dispatch
    response = self.handle_exception(exc)
               ^^^^^^^^^^^^^^^^^^^^^^^^^^
  File "/Users/mac/Desktop/own/lufyy_api/.venv/lib/python3.12/site-packages/rest_framework/views.py", line 475, in handle_exception
    self.raise_uncaught_exception(exc)
  File "/Users/mac/Desktop/own/lufyy_api/.venv/lib/python3.12/site-packages/rest_framework/views.py", line 486, in raise_uncaught_exception
    raise exc
  File "/Users/mac/Desktop/own/lufyy_api/.venv/lib/python3.12/site-packages/rest_framework/views.py", line 512, in dispatch
    response = handler(request, *args, **kwargs)
               ^^^^^^^^^^^^^^^^^^^^^^^^^^^^^^^^^
  File "/Users/mac/Desktop/own/lufyy_api/lufyy_api/apps/home/views.py", line 14, in get
    return Response(status=status.HTTP_200_OK,message="成功")
           ^^^^^^^^^^^^^^^^^^^^^^^^^^^^^^^^^^^^^^^^^^^^^^^^^^
TypeError: Response.__init__() got an unexpected keyword argument 'message'
[2026-05-07 11:36:39,996] ERROR [django.server:212] "GET /home/ HTTP/1.1" 500 86813
[2026-05-07 11:36:49,133] ERROR [django.request:241] Internal Server Error: /home/
Traceback (most recent call last):
  File "/Users/mac/Desktop/own/lufyy_api/.venv/lib/python3.12/site-packages/django/core/handlers/exception.py", line 55, in inner
    response = get_response(request)
               ^^^^^^^^^^^^^^^^^^^^^
  File "/Users/mac/Desktop/own/lufyy_api/.venv/lib/python3.12/site-packages/django/core/handlers/base.py", line 197, in _get_response
    response = wrapped_callback(request, *callback_args, **callback_kwargs)
               ^^^^^^^^^^^^^^^^^^^^^^^^^^^^^^^^^^^^^^^^^^^^^^^^^^^^^^^^^^^^
  File "/Users/mac/Desktop/own/lufyy_api/.venv/lib/python3.12/site-packages/django/views/decorators/csrf.py", line 56, in wrapper_view
    return view_func(*args, **kwargs)
           ^^^^^^^^^^^^^^^^^^^^^^^^^^
  File "/Users/mac/Desktop/own/lufyy_api/.venv/lib/python3.12/site-packages/django/views/generic/base.py", line 104, in view
    return self.dispatch(request, *args, **kwargs)
           ^^^^^^^^^^^^^^^^^^^^^^^^^^^^^^^^^^^^^^^
  File "/Users/mac/Desktop/own/lufyy_api/.venv/lib/python3.12/site-packages/rest_framework/views.py", line 515, in dispatch
    response = self.handle_exception(exc)
               ^^^^^^^^^^^^^^^^^^^^^^^^^^
  File "/Users/mac/Desktop/own/lufyy_api/.venv/lib/python3.12/site-packages/rest_framework/views.py", line 475, in handle_exception
    self.raise_uncaught_exception(exc)
  File "/Users/mac/Desktop/own/lufyy_api/.venv/lib/python3.12/site-packages/rest_framework/views.py", line 486, in raise_uncaught_exception
    raise exc
  File "/Users/mac/Desktop/own/lufyy_api/.venv/lib/python3.12/site-packages/rest_framework/views.py", line 512, in dispatch
    response = handler(request, *args, **kwargs)
               ^^^^^^^^^^^^^^^^^^^^^^^^^^^^^^^^^
  File "/Users/mac/Desktop/own/lufyy_api/lufyy_api/apps/home/views.py", line 14, in get
    return Response(status=status.HTTP_200_OK,message="成功")
           ^^^^^^^^^^^^^^^^^^^^^^^^^^^^^^^^^^^^^^^^^^^^^^^^^^
TypeError: Response.__init__() got an unexpected keyword argument 'message'
[2026-05-07 11:36:49,133] ERROR [django.server:212] "GET /home/ HTTP/1.1" 500 86813
[2026-05-07 11:40:07,839] ERROR [django:13] home view: /home/
[2026-05-07 11:40:09,149] ERROR [django:13] home view: /home/
[2026-05-07 11:40:09,987] ERROR [django:13] home view: /home/
[2026-05-07 11:40:10,310] ERROR [django:13] home view: /home/
[2026-05-07 11:40:10,724] ERROR [django:13] home view: /home/
[2026-05-07 11:40:11,156] ERROR [django:13] home view: /home/
[2026-05-07 11:40:18,894] ERROR [django:13] home view: /home/
[2026-05-07 11:40:19,588] ERROR [django:13] home view: /home/
[2026-05-07 11:40:20,017] ERROR [django:13] home view: /home/
[2026-05-07 11:40:20,190] ERROR [django:13] home view: /home/
[2026-05-07 11:40:20,391] ERROR [django:13] home view: /home/
[2026-05-07 11:40:20,568] ERROR [django:13] home view: /home/
[2026-05-07 11:50:06,678] ERROR [django:13] home view: /home/
[2026-05-07 11:50:11,651] ERROR [django:13] home view: /home/
[2026-05-07 11:50:12,150] ERROR [django:13] home view: /home/
[2026-05-07 11:50:12,579] ERROR [django:13] home view: /home/
[2026-05-07 12:37:21,796] ERROR [django:13] home view: /home/
[2026-05-07 12:37:24,946] ERROR [django:13] home view: /home/
[2026-05-07 12:37:27,999] ERROR [django:13] home view: /home/
[2026-05-07 12:37:55,618] ERROR [django:13] home view: /home/
[2026-05-07 12:37:55,642] ERROR [django.request:241] Internal Server Error: /home/
Traceback (most recent call last):
  File "/Users/mac/Desktop/own/lufyy_api/.venv/lib/python3.12/site-packages/rest_framework/views.py", line 512, in dispatch
    response = handler(request, *args, **kwargs)
               ^^^^^^^^^^^^^^^^^^^^^^^^^^^^^^^^^
  File "/Users/mac/Desktop/own/lufyy_api/lufyy_api/apps/home/views.py", line 16, in get
    raise Exception("hahah")
Exception: hahah

During handling of the above exception, another exception occurred:

Traceback (most recent call last):
  File "/Users/mac/Desktop/own/lufyy_api/.venv/lib/python3.12/site-packages/rest_framework/settings.py", line 182, in import_from_string
    return import_string(val)
           ^^^^^^^^^^^^^^^^^^
  File "/Users/mac/Desktop/own/lufyy_api/.venv/lib/python3.12/site-packages/django/utils/module_loading.py", line 30, in import_string
    return cached_import(module_path, class_name)
           ^^^^^^^^^^^^^^^^^^^^^^^^^^^^^^^^^^^^^^
  File "/Users/mac/Desktop/own/lufyy_api/.venv/lib/python3.12/site-packages/django/utils/module_loading.py", line 15, in cached_import
    module = import_module(module_path)
             ^^^^^^^^^^^^^^^^^^^^^^^^^^
  File "/opt/homebrew/Cellar/python@3.12/3.12.13_2/Frameworks/Python.framework/Versions/3.12/lib/python3.12/importlib/__init__.py", line 90, in import_module
    return _bootstrap._gcd_import(name[level:], package, level)
           ^^^^^^^^^^^^^^^^^^^^^^^^^^^^^^^^^^^^^^^^^^^^^^^^^^^^
  File "<frozen importlib._bootstrap>", line 1387, in _gcd_import
  File "<frozen importlib._bootstrap>", line 1360, in _find_and_load
  File "<frozen importlib._bootstrap>", line 1324, in _find_and_load_unlocked
ModuleNotFoundError: No module named 'utils.custom_exception'

During handling of the above exception, another exception occurred:

Traceback (most recent call last):
  File "/Users/mac/Desktop/own/lufyy_api/.venv/lib/python3.12/site-packages/django/core/handlers/exception.py", line 55, in inner
    response = get_response(request)
               ^^^^^^^^^^^^^^^^^^^^^
  File "/Users/mac/Desktop/own/lufyy_api/.venv/lib/python3.12/site-packages/django/core/handlers/base.py", line 197, in _get_response
    response = wrapped_callback(request, *callback_args, **callback_kwargs)
               ^^^^^^^^^^^^^^^^^^^^^^^^^^^^^^^^^^^^^^^^^^^^^^^^^^^^^^^^^^^^
  File "/Users/mac/Desktop/own/lufyy_api/.venv/lib/python3.12/site-packages/django/views/decorators/csrf.py", line 56, in wrapper_view
    return view_func(*args, **kwargs)
           ^^^^^^^^^^^^^^^^^^^^^^^^^^
  File "/Users/mac/Desktop/own/lufyy_api/.venv/lib/python3.12/site-packages/django/views/generic/base.py", line 104, in view
    return self.dispatch(request, *args, **kwargs)
           ^^^^^^^^^^^^^^^^^^^^^^^^^^^^^^^^^^^^^^^
  File "/Users/mac/Desktop/own/lufyy_api/.venv/lib/python3.12/site-packages/rest_framework/views.py", line 515, in dispatch
    response = self.handle_exception(exc)
               ^^^^^^^^^^^^^^^^^^^^^^^^^^
  File "/Users/mac/Desktop/own/lufyy_api/.venv/lib/python3.12/site-packages/rest_framework/views.py", line 469, in handle_exception
    exception_handler = self.get_exception_handler()
                        ^^^^^^^^^^^^^^^^^^^^^^^^^^^^
  File "/Users/mac/Desktop/own/lufyy_api/.venv/lib/python3.12/site-packages/rest_framework/views.py", line 304, in get_exception_handler
    return self.settings.EXCEPTION_HANDLER
           ^^^^^^^^^^^^^^^^^^^^^^^^^^^^^^^
  File "/Users/mac/Desktop/own/lufyy_api/.venv/lib/python3.12/site-packages/rest_framework/settings.py", line 230, in __getattr__
    val = perform_import(val, attr)
          ^^^^^^^^^^^^^^^^^^^^^^^^^
  File "/Users/mac/Desktop/own/lufyy_api/.venv/lib/python3.12/site-packages/rest_framework/settings.py", line 171, in perform_import
    return import_from_string(val, setting_name)
           ^^^^^^^^^^^^^^^^^^^^^^^^^^^^^^^^^^^^^
  File "/Users/mac/Desktop/own/lufyy_api/.venv/lib/python3.12/site-packages/rest_framework/settings.py", line 185, in import_from_string
    raise ImportError(msg)
ImportError: Could not import 'utils.custom_exception.GlobalException' for API setting 'EXCEPTION_HANDLER'. ModuleNotFoundError: No module named 'utils.custom_exception'.
[2026-05-07 12:37:55,644] ERROR [django.server:212] "GET /home/ HTTP/1.1" 500 122027
[2026-05-07 12:38:51,064] ERROR [django:13] home view: /home/
[2026-05-07 12:38:51,091] ERROR [django.request:241] Internal Server Error: /home/
Traceback (most recent call last):
  File "/Users/mac/Desktop/own/lufyy_api/.venv/lib/python3.12/site-packages/rest_framework/views.py", line 512, in dispatch
    response = handler(request, *args, **kwargs)
               ^^^^^^^^^^^^^^^^^^^^^^^^^^^^^^^^^
  File "/Users/mac/Desktop/own/lufyy_api/lufyy_api/apps/home/views.py", line 16, in get
    raise IndexError("out index")
IndexError: out index

During handling of the above exception, another exception occurred:

Traceback (most recent call last):
  File "/Users/mac/Desktop/own/lufyy_api/.venv/lib/python3.12/site-packages/rest_framework/settings.py", line 182, in import_from_string
    return import_string(val)
           ^^^^^^^^^^^^^^^^^^
  File "/Users/mac/Desktop/own/lufyy_api/.venv/lib/python3.12/site-packages/django/utils/module_loading.py", line 30, in import_string
    return cached_import(module_path, class_name)
           ^^^^^^^^^^^^^^^^^^^^^^^^^^^^^^^^^^^^^^
  File "/Users/mac/Desktop/own/lufyy_api/.venv/lib/python3.12/site-packages/django/utils/module_loading.py", line 15, in cached_import
    module = import_module(module_path)
             ^^^^^^^^^^^^^^^^^^^^^^^^^^
  File "/opt/homebrew/Cellar/python@3.12/3.12.13_2/Frameworks/Python.framework/Versions/3.12/lib/python3.12/importlib/__init__.py", line 90, in import_module
    return _bootstrap._gcd_import(name[level:], package, level)
           ^^^^^^^^^^^^^^^^^^^^^^^^^^^^^^^^^^^^^^^^^^^^^^^^^^^^
  File "<frozen importlib._bootstrap>", line 1387, in _gcd_import
  File "<frozen importlib._bootstrap>", line 1360, in _find_and_load
  File "<frozen importlib._bootstrap>", line 1324, in _find_and_load_unlocked
ModuleNotFoundError: No module named 'utils.custom_exception'

During handling of the above exception, another exception occurred:

Traceback (most recent call last):
  File "/Users/mac/Desktop/own/lufyy_api/.venv/lib/python3.12/site-packages/django/core/handlers/exception.py", line 55, in inner
    response = get_response(request)
               ^^^^^^^^^^^^^^^^^^^^^
  File "/Users/mac/Desktop/own/lufyy_api/.venv/lib/python3.12/site-packages/django/core/handlers/base.py", line 197, in _get_response
    response = wrapped_callback(request, *callback_args, **callback_kwargs)
               ^^^^^^^^^^^^^^^^^^^^^^^^^^^^^^^^^^^^^^^^^^^^^^^^^^^^^^^^^^^^
  File "/Users/mac/Desktop/own/lufyy_api/.venv/lib/python3.12/site-packages/django/views/decorators/csrf.py", line 56, in wrapper_view
    return view_func(*args, **kwargs)
           ^^^^^^^^^^^^^^^^^^^^^^^^^^
  File "/Users/mac/Desktop/own/lufyy_api/.venv/lib/python3.12/site-packages/django/views/generic/base.py", line 104, in view
    return self.dispatch(request, *args, **kwargs)
           ^^^^^^^^^^^^^^^^^^^^^^^^^^^^^^^^^^^^^^^
  File "/Users/mac/Desktop/own/lufyy_api/.venv/lib/python3.12/site-packages/rest_framework/views.py", line 515, in dispatch
    response = self.handle_exception(exc)
               ^^^^^^^^^^^^^^^^^^^^^^^^^^
  File "/Users/mac/Desktop/own/lufyy_api/.venv/lib/python3.12/site-packages/rest_framework/views.py", line 469, in handle_exception
    exception_handler = self.get_exception_handler()
                        ^^^^^^^^^^^^^^^^^^^^^^^^^^^^
  File "/Users/mac/Desktop/own/lufyy_api/.venv/lib/python3.12/site-packages/rest_framework/views.py", line 304, in get_exception_handler
    return self.settings.EXCEPTION_HANDLER
           ^^^^^^^^^^^^^^^^^^^^^^^^^^^^^^^
  File "/Users/mac/Desktop/own/lufyy_api/.venv/lib/python3.12/site-packages/rest_framework/settings.py", line 230, in __getattr__
    val = perform_import(val, attr)
          ^^^^^^^^^^^^^^^^^^^^^^^^^
  File "/Users/mac/Desktop/own/lufyy_api/.venv/lib/python3.12/site-packages/rest_framework/settings.py", line 171, in perform_import
    return import_from_string(val, setting_name)
           ^^^^^^^^^^^^^^^^^^^^^^^^^^^^^^^^^^^^^
  File "/Users/mac/Desktop/own/lufyy_api/.venv/lib/python3.12/site-packages/rest_framework/settings.py", line 185, in import_from_string
    raise ImportError(msg)
ImportError: Could not import 'utils.custom_exception.GlobalException' for API setting 'EXCEPTION_HANDLER'. ModuleNotFoundError: No module named 'utils.custom_exception'.
[2026-05-07 12:38:51,093] ERROR [django.server:212] "GET /home/ HTTP/1.1" 500 122060
[2026-05-07 12:38:52,753] ERROR [django:13] home view: /home/
[2026-05-07 12:38:52,771] ERROR [django.request:241] Internal Server Error: /home/
Traceback (most recent call last):
  File "/Users/mac/Desktop/own/lufyy_api/.venv/lib/python3.12/site-packages/rest_framework/views.py", line 512, in dispatch
    response = handler(request, *args, **kwargs)
               ^^^^^^^^^^^^^^^^^^^^^^^^^^^^^^^^^
  File "/Users/mac/Desktop/own/lufyy_api/lufyy_api/apps/home/views.py", line 16, in get
    raise IndexError("out index")
IndexError: out index

During handling of the above exception, another exception occurred:

Traceback (most recent call last):
  File "/Users/mac/Desktop/own/lufyy_api/.venv/lib/python3.12/site-packages/rest_framework/settings.py", line 182, in import_from_string
    return import_string(val)
           ^^^^^^^^^^^^^^^^^^
  File "/Users/mac/Desktop/own/lufyy_api/.venv/lib/python3.12/site-packages/django/utils/module_loading.py", line 30, in import_string
    return cached_import(module_path, class_name)
           ^^^^^^^^^^^^^^^^^^^^^^^^^^^^^^^^^^^^^^
  File "/Users/mac/Desktop/own/lufyy_api/.venv/lib/python3.12/site-packages/django/utils/module_loading.py", line 15, in cached_import
    module = import_module(module_path)
             ^^^^^^^^^^^^^^^^^^^^^^^^^^
  File "/opt/homebrew/Cellar/python@3.12/3.12.13_2/Frameworks/Python.framework/Versions/3.12/lib/python3.12/importlib/__init__.py", line 90, in import_module
    return _bootstrap._gcd_import(name[level:], package, level)
           ^^^^^^^^^^^^^^^^^^^^^^^^^^^^^^^^^^^^^^^^^^^^^^^^^^^^
  File "<frozen importlib._bootstrap>", line 1387, in _gcd_import
  File "<frozen importlib._bootstrap>", line 1360, in _find_and_load
  File "<frozen importlib._bootstrap>", line 1324, in _find_and_load_unlocked
ModuleNotFoundError: No module named 'utils.custom_exception'

During handling of the above exception, another exception occurred:

Traceback (most recent call last):
  File "/Users/mac/Desktop/own/lufyy_api/.venv/lib/python3.12/site-packages/django/core/handlers/exception.py", line 55, in inner
    response = get_response(request)
               ^^^^^^^^^^^^^^^^^^^^^
  File "/Users/mac/Desktop/own/lufyy_api/.venv/lib/python3.12/site-packages/django/core/handlers/base.py", line 197, in _get_response
    response = wrapped_callback(request, *callback_args, **callback_kwargs)
               ^^^^^^^^^^^^^^^^^^^^^^^^^^^^^^^^^^^^^^^^^^^^^^^^^^^^^^^^^^^^
  File "/Users/mac/Desktop/own/lufyy_api/.venv/lib/python3.12/site-packages/django/views/decorators/csrf.py", line 56, in wrapper_view
    return view_func(*args, **kwargs)
           ^^^^^^^^^^^^^^^^^^^^^^^^^^
  File "/Users/mac/Desktop/own/lufyy_api/.venv/lib/python3.12/site-packages/django/views/generic/base.py", line 104, in view
    return self.dispatch(request, *args, **kwargs)
           ^^^^^^^^^^^^^^^^^^^^^^^^^^^^^^^^^^^^^^^
  File "/Users/mac/Desktop/own/lufyy_api/.venv/lib/python3.12/site-packages/rest_framework/views.py", line 515, in dispatch
    response = self.handle_exception(exc)
               ^^^^^^^^^^^^^^^^^^^^^^^^^^
  File "/Users/mac/Desktop/own/lufyy_api/.venv/lib/python3.12/site-packages/rest_framework/views.py", line 469, in handle_exception
    exception_handler = self.get_exception_handler()
                        ^^^^^^^^^^^^^^^^^^^^^^^^^^^^
  File "/Users/mac/Desktop/own/lufyy_api/.venv/lib/python3.12/site-packages/rest_framework/views.py", line 304, in get_exception_handler
    return self.settings.EXCEPTION_HANDLER
           ^^^^^^^^^^^^^^^^^^^^^^^^^^^^^^^
  File "/Users/mac/Desktop/own/lufyy_api/.venv/lib/python3.12/site-packages/rest_framework/settings.py", line 230, in __getattr__
    val = perform_import(val, attr)
          ^^^^^^^^^^^^^^^^^^^^^^^^^
  File "/Users/mac/Desktop/own/lufyy_api/.venv/lib/python3.12/site-packages/rest_framework/settings.py", line 171, in perform_import
    return import_from_string(val, setting_name)
           ^^^^^^^^^^^^^^^^^^^^^^^^^^^^^^^^^^^^^
  File "/Users/mac/Desktop/own/lufyy_api/.venv/lib/python3.12/site-packages/rest_framework/settings.py", line 185, in import_from_string
    raise ImportError(msg)
ImportError: Could not import 'utils.custom_exception.GlobalException' for API setting 'EXCEPTION_HANDLER'. ModuleNotFoundError: No module named 'utils.custom_exception'.
[2026-05-07 12:38:52,772] ERROR [django.server:212] "GET /home/ HTTP/1.1" 500 122060
